CRITICAL - 2025-02-19 09:37:37 --> CodeIgniter\View\Exceptions\ViewException: Invalid file: "listado_evento.php"
[Method: GET, Route: calendario]
in SYSTEMPATH/Exceptions/FrameworkException.php on line 39.
 1 SYSTEMPATH/View/View.php(212): CodeIgniter\Exceptions\FrameworkException::forInvalidFile('listado_evento.php')
 2 SYSTEMPATH/Common.php(1173): CodeIgniter\View\View->render('listado_evento', [], true)
 3 APPPATH/Controllers/EventoController.php(48): view('listado_evento', [...])
 4 SYSTEMPATH/CodeIgniter.php(933): App\Controllers\EventoController->index()
 5 SYSTEMPATH/CodeIgniter.php(507): CodeIgniter\CodeIgniter->runController(Object(App\Controllers\EventoController))
 6 SYSTEMPATH/CodeIgniter.php(354): CodeIgniter\CodeIgniter->handleRequest(null, Object(Config\Cache), false)
 7 SYSTEMPATH/Boot.php(334): CodeIgniter\CodeIgniter->run()
 8 SYSTEMPATH/Boot.php(67): CodeIgniter\Boot::runCodeIgniter(Object(CodeIgniter\CodeIgniter))
 9 FCPATH/index.php(56): CodeIgniter\Boot::bootWeb(Object(Config\Paths))
CRITICAL - 2025-02-19 09:47:25 --> CodeIgniter\View\Exceptions\ViewException: Invalid file: "evento/index.php"
[Method: GET, Route: calendario]
in SYSTEMPATH/Exceptions/FrameworkException.php on line 39.
 1 SYSTEMPATH/View/View.php(212): CodeIgniter\Exceptions\FrameworkException::forInvalidFile('evento/index.php')
 2 SYSTEMPATH/Common.php(1173): CodeIgniter\View\View->render('evento/index', [], true)
 3 APPPATH/Controllers/EventoController.php(13): view('evento/index', [...])
 4 SYSTEMPATH/CodeIgniter.php(933): App\Controllers\EventoController->index()
 5 SYSTEMPATH/CodeIgniter.php(507): CodeIgniter\CodeIgniter->runController(Object(App\Controllers\EventoController))
 6 SYSTEMPATH/CodeIgniter.php(354): CodeIgniter\CodeIgniter->handleRequest(null, Object(Config\Cache), false)
 7 SYSTEMPATH/Boot.php(334): CodeIgniter\CodeIgniter->run()
 8 SYSTEMPATH/Boot.php(67): CodeIgniter\Boot::runCodeIgniter(Object(CodeIgniter\CodeIgniter))
 9 FCPATH/index.php(56): CodeIgniter\Boot::bootWeb(Object(Config\Paths))
