ERROR - 2025-02-28 13:18:14 --> mysqli_sql_exception: Column 'NOMBRE' in order clause is ambiguous in /Applications/MAMP/htdocs/tienda_manualidades/system/Database/MySQLi/Connection.php:327
Stack trace:
#0 /Applications/MAMP/htdocs/tienda_manualidades/system/Database/MySQLi/Connection.php(327): mysqli->query('SELECT *, `CLIE...', 0)
#1 /Applications/MAMP/htdocs/tienda_manualidades/system/Database/BaseConnection.php(738): CodeIgniter\Database\MySQLi\Connection->execute('SELECT *, `CLIE...')
#2 /Applications/MAMP/htdocs/tienda_manualidades/system/Database/BaseConnection.php(652): CodeIgniter\Database\BaseConnection->simpleQuery('SELECT *, `CLIE...')
#3 /Applications/MAMP/htdocs/tienda_manualidades/system/Database/BaseBuilder.php(1649): CodeIgniter\Database\BaseConnection->query('SELECT *, `CLIE...', Array, false)
#4 /Applications/MAMP/htdocs/tienda_manualidades/system/Model.php(286): CodeIgniter\Database\BaseBuilder->get()
#5 /Applications/MAMP/htdocs/tienda_manualidades/system/BaseModel.php(675): CodeIgniter\Model->doFindAll(10, 0)
#6 /Applications/MAMP/htdocs/tienda_manualidades/system/BaseModel.php(1287): CodeIgniter\BaseModel->findAll(10, 0)
#7 /Applications/MAMP/htdocs/tienda_manualidades/app/Controllers/ClienteController.php(103): CodeIgniter\BaseModel->paginate(10)
#8 /Applications/MAMP/htdocs/tienda_manualidades/system/CodeIgniter.php(933): App\Controllers\ClienteController->index()
#9 /Applications/MAMP/htdocs/tienda_manualidades/system/CodeIgniter.php(507): CodeIgniter\CodeIgniter->runController(Object(App\Controllers\ClienteController))
#10 /Applications/MAMP/htdocs/tienda_manualidades/system/CodeIgniter.php(354): CodeIgniter\CodeIgniter->handleRequest(NULL, Object(Config\Cache), false)
#11 /Applications/MAMP/htdocs/tienda_manualidades/system/Boot.php(334): CodeIgniter\CodeIgniter->run()
#12 /Applications/MAMP/htdocs/tienda_manualidades/system/Boot.php(67): CodeIgniter\Boot::runCodeIgniter(Object(CodeIgniter\CodeIgniter))
#13 /Applications/MAMP/htdocs/tienda_manualidades/public/index.php(56): CodeIgniter\Boot::bootWeb(Object(Config\Paths))
#14 {main}
CRITICAL - 2025-02-28 13:18:14 --> CodeIgniter\Database\Exceptions\DatabaseException: Column 'NOMBRE' in order clause is ambiguous
[Method: GET, Route: cliente]
in SYSTEMPATH/Database/BaseConnection.php on line 692.
 1 SYSTEMPATH/Database/BaseBuilder.php(1649): CodeIgniter\Database\BaseConnection->query('SELECT *, `CLIENTE`.*, `ROL`.`NOMBRE` AS `ROL_NOMBRE`
FROM `CLIENTE`
LEFT JOIN `ROL` ON `ROL`.`PK_ID_ROL` = `CLIENTE`.`FK_ID_ROL`
ORDER BY `NOMBRE` DESC
 LIMIT 10', [], false)
 2 SYSTEMPATH/Model.php(286): CodeIgniter\Database\BaseBuilder->get()
 3 SYSTEMPATH/BaseModel.php(675): CodeIgniter\Model->doFindAll(10, 0)
 4 SYSTEMPATH/BaseModel.php(1287): CodeIgniter\BaseModel->findAll(10, 0)
 5 APPPATH/Controllers/ClienteController.php(103): CodeIgniter\BaseModel->paginate(10)
 6 SYSTEMPATH/CodeIgniter.php(933): App\Controllers\ClienteController->index()
 7 SYSTEMPATH/CodeIgniter.php(507): CodeIgniter\CodeIgniter->runController(Object(App\Controllers\ClienteController))
 8 SYSTEMPATH/CodeIgniter.php(354): CodeIgniter\CodeIgniter->handleRequest(null, Object(Config\Cache), false)
 9 SYSTEMPATH/Boot.php(334): CodeIgniter\CodeIgniter->run()
10 SYSTEMPATH/Boot.php(67): CodeIgniter\Boot::runCodeIgniter(Object(CodeIgniter\CodeIgniter))
11 FCPATH/index.php(56): CodeIgniter\Boot::bootWeb(Object(Config\Paths))
CRITICAL - 2025-02-28 13:18:14 --> [Caused by] CodeIgniter\Database\Exceptions\DatabaseException: Column 'NOMBRE' in order clause is ambiguous
in SYSTEMPATH/Database/MySQLi/Connection.php on line 332.
 1 SYSTEMPATH/Database/BaseConnection.php(738): CodeIgniter\Database\MySQLi\Connection->execute('SELECT *, `CLIENTE`.*, `ROL`.`NOMBRE` AS `ROL_NOMBRE`
FROM `CLIENTE`
LEFT JOIN `ROL` ON `ROL`.`PK_ID_ROL` = `CLIENTE`.`FK_ID_ROL`
ORDER BY `NOMBRE` DESC
 LIMIT 10')
 2 SYSTEMPATH/Database/BaseConnection.php(652): CodeIgniter\Database\BaseConnection->simpleQuery('SELECT *, `CLIENTE`.*, `ROL`.`NOMBRE` AS `ROL_NOMBRE`
FROM `CLIENTE`
LEFT JOIN `ROL` ON `ROL`.`PK_ID_ROL` = `CLIENTE`.`FK_ID_ROL`
ORDER BY `NOMBRE` DESC
 LIMIT 10')
 3 SYSTEMPATH/Database/BaseBuilder.php(1649): CodeIgniter\Database\BaseConnection->query('SELECT *, `CLIENTE`.*, `ROL`.`NOMBRE` AS `ROL_NOMBRE`
FROM `CLIENTE`
LEFT JOIN `ROL` ON `ROL`.`PK_ID_ROL` = `CLIENTE`.`FK_ID_ROL`
ORDER BY `NOMBRE` DESC
 LIMIT 10', [], false)
 4 SYSTEMPATH/Model.php(286): CodeIgniter\Database\BaseBuilder->get()
 5 SYSTEMPATH/BaseModel.php(675): CodeIgniter\Model->doFindAll(10, 0)
 6 SYSTEMPATH/BaseModel.php(1287): CodeIgniter\BaseModel->findAll(10, 0)
 7 APPPATH/Controllers/ClienteController.php(103): CodeIgniter\BaseModel->paginate(10)
 8 SYSTEMPATH/CodeIgniter.php(933): App\Controllers\ClienteController->index()
 9 SYSTEMPATH/CodeIgniter.php(507): CodeIgniter\CodeIgniter->runController(Object(App\Controllers\ClienteController))
10 SYSTEMPATH/CodeIgniter.php(354): CodeIgniter\CodeIgniter->handleRequest(null, Object(Config\Cache), false)
11 SYSTEMPATH/Boot.php(334): CodeIgniter\CodeIgniter->run()
12 SYSTEMPATH/Boot.php(67): CodeIgniter\Boot::runCodeIgniter(Object(CodeIgniter\CodeIgniter))
13 FCPATH/index.php(56): CodeIgniter\Boot::bootWeb(Object(Config\Paths))
CRITICAL - 2025-02-28 13:18:14 --> [Caused by] mysqli_sql_exception: Column 'NOMBRE' in order clause is ambiguous
in SYSTEMPATH/Database/MySQLi/Connection.php on line 327.
 1 SYSTEMPATH/Database/MySQLi/Connection.php(327): mysqli->query('SELECT *, `CLIENTE`.*, `ROL`.`NOMBRE` AS `ROL_NOMBRE`
FROM `CLIENTE`
LEFT JOIN `ROL` ON `ROL`.`PK_ID_ROL` = `CLIENTE`.`FK_ID_ROL`
ORDER BY `NOMBRE` DESC
 LIMIT 10', 0)
 2 SYSTEMPATH/Database/BaseConnection.php(738): CodeIgniter\Database\MySQLi\Connection->execute('SELECT *, `CLIENTE`.*, `ROL`.`NOMBRE` AS `ROL_NOMBRE`
FROM `CLIENTE`
LEFT JOIN `ROL` ON `ROL`.`PK_ID_ROL` = `CLIENTE`.`FK_ID_ROL`
ORDER BY `NOMBRE` DESC
 LIMIT 10')
 3 SYSTEMPATH/Database/BaseConnection.php(652): CodeIgniter\Database\BaseConnection->simpleQuery('SELECT *, `CLIENTE`.*, `ROL`.`NOMBRE` AS `ROL_NOMBRE`
FROM `CLIENTE`
LEFT JOIN `ROL` ON `ROL`.`PK_ID_ROL` = `CLIENTE`.`FK_ID_ROL`
ORDER BY `NOMBRE` DESC
 LIMIT 10')
 4 SYSTEMPATH/Database/BaseBuilder.php(1649): CodeIgniter\Database\BaseConnection->query('SELECT *, `CLIENTE`.*, `ROL`.`NOMBRE` AS `ROL_NOMBRE`
FROM `CLIENTE`
LEFT JOIN `ROL` ON `ROL`.`PK_ID_ROL` = `CLIENTE`.`FK_ID_ROL`
ORDER BY `NOMBRE` DESC
 LIMIT 10', [], false)
 5 SYSTEMPATH/Model.php(286): CodeIgniter\Database\BaseBuilder->get()
 6 SYSTEMPATH/BaseModel.php(675): CodeIgniter\Model->doFindAll(10, 0)
 7 SYSTEMPATH/BaseModel.php(1287): CodeIgniter\BaseModel->findAll(10, 0)
 8 APPPATH/Controllers/ClienteController.php(103): CodeIgniter\BaseModel->paginate(10)
 9 SYSTEMPATH/CodeIgniter.php(933): App\Controllers\ClienteController->index()
10 SYSTEMPATH/CodeIgniter.php(507): CodeIgniter\CodeIgniter->runController(Object(App\Controllers\ClienteController))
11 SYSTEMPATH/CodeIgniter.php(354): CodeIgniter\CodeIgniter->handleRequest(null, Object(Config\Cache), false)
12 SYSTEMPATH/Boot.php(334): CodeIgniter\CodeIgniter->run()
13 SYSTEMPATH/Boot.php(67): CodeIgniter\Boot::runCodeIgniter(Object(CodeIgniter\CodeIgniter))
14 FCPATH/index.php(56): CodeIgniter\Boot::bootWeb(Object(Config\Paths))
CRITICAL - 2025-02-28 13:18:48 --> ErrorException: Undefined array key "ROL_NOMBRE"
[Method: GET, Route: cliente]
in APPPATH/Views/listado_cliente.php on line 557.
 1 APPPATH/Views/listado_cliente.php(557): CodeIgniter\Debug\Exceptions->errorHandler(2, 'Undefined array key "ROL_NOMBRE"', '/Applications/MAMP/htdocs/tienda_manualidades/app/Views/listado_cliente.php', 557)
 2 SYSTEMPATH/View/View.php(224): include('/Applications/MAMP/htdocs/tienda_manualidades/app/Views/listado_cliente.php')
 3 SYSTEMPATH/View/View.php(227): CodeIgniter\View\View->CodeIgniter\View\{closure}()
 4 SYSTEMPATH/Common.php(1173): CodeIgniter\View\View->render('listado_cliente', [], true)
 5 APPPATH/Controllers/ClienteController.php(118): view('listado_cliente', [...])
 6 SYSTEMPATH/CodeIgniter.php(933): App\Controllers\ClienteController->index()
 7 SYSTEMPATH/CodeIgniter.php(507): CodeIgniter\CodeIgniter->runController(Object(App\Controllers\ClienteController))
 8 SYSTEMPATH/CodeIgniter.php(354): CodeIgniter\CodeIgniter->handleRequest(null, Object(Config\Cache), false)
 9 SYSTEMPATH/Boot.php(334): CodeIgniter\CodeIgniter->run()
10 SYSTEMPATH/Boot.php(67): CodeIgniter\Boot::runCodeIgniter(Object(CodeIgniter\CodeIgniter))
11 FCPATH/index.php(56): CodeIgniter\Boot::bootWeb(Object(Config\Paths))
CRITICAL - 2025-02-28 13:19:16 --> ErrorException: Undefined array key "ROL_NOMBRE"
[Method: GET, Route: cliente]
in APPPATH/Views/listado_cliente.php on line 557.
 1 APPPATH/Views/listado_cliente.php(557): CodeIgniter\Debug\Exceptions->errorHandler(2, 'Undefined array key "ROL_NOMBRE"', '/Applications/MAMP/htdocs/tienda_manualidades/app/Views/listado_cliente.php', 557)
 2 SYSTEMPATH/View/View.php(224): include('/Applications/MAMP/htdocs/tienda_manualidades/app/Views/listado_cliente.php')
 3 SYSTEMPATH/View/View.php(227): CodeIgniter\View\View->CodeIgniter\View\{closure}()
 4 SYSTEMPATH/Common.php(1173): CodeIgniter\View\View->render('listado_cliente', [], true)
 5 APPPATH/Controllers/ClienteController.php(118): view('listado_cliente', [...])
 6 SYSTEMPATH/CodeIgniter.php(933): App\Controllers\ClienteController->index()
 7 SYSTEMPATH/CodeIgniter.php(507): CodeIgniter\CodeIgniter->runController(Object(App\Controllers\ClienteController))
 8 SYSTEMPATH/CodeIgniter.php(354): CodeIgniter\CodeIgniter->handleRequest(null, Object(Config\Cache), false)
 9 SYSTEMPATH/Boot.php(334): CodeIgniter\CodeIgniter->run()
10 SYSTEMPATH/Boot.php(67): CodeIgniter\Boot::runCodeIgniter(Object(CodeIgniter\CodeIgniter))
11 FCPATH/index.php(56): CodeIgniter\Boot::bootWeb(Object(Config\Paths))
CRITICAL - 2025-02-28 13:52:19 --> ErrorException: Undefined variable $order_columna
[Method: GET, Route: detalle_pedido]
in APPPATH/Views/listado_detalle_pedido.php on line 393.
 1 APPPATH/Views/listado_detalle_pedido.php(393): CodeIgniter\Debug\Exceptions->errorHandler(2, 'Undefined variable $order_columna', '/Applications/MAMP/htdocs/tienda_manualidades/app/Views/listado_detalle_pedido.php', 393)
 2 SYSTEMPATH/View/View.php(224): include('/Applications/MAMP/htdocs/tienda_manualidades/app/Views/listado_detalle_pedido.php')
 3 SYSTEMPATH/View/View.php(227): CodeIgniter\View\View->CodeIgniter\View\{closure}()
 4 SYSTEMPATH/Common.php(1173): CodeIgniter\View\View->render('listado_detalle_pedido', [], true)
 5 APPPATH/Controllers/DetallePedidoController.php(70): view('listado_detalle_pedido', [...])
 6 SYSTEMPATH/CodeIgniter.php(933): App\Controllers\DetallePedidoController->index()
 7 SYSTEMPATH/CodeIgniter.php(507): CodeIgniter\CodeIgniter->runController(Object(App\Controllers\DetallePedidoController))
 8 SYSTEMPATH/CodeIgniter.php(354): CodeIgniter\CodeIgniter->handleRequest(null, Object(Config\Cache), false)
 9 SYSTEMPATH/Boot.php(334): CodeIgniter\CodeIgniter->run()
10 SYSTEMPATH/Boot.php(67): CodeIgniter\Boot::runCodeIgniter(Object(CodeIgniter\CodeIgniter))
11 FCPATH/index.php(56): CodeIgniter\Boot::bootWeb(Object(Config\Paths))
CRITICAL - 2025-02-28 13:55:49 --> ErrorException: Undefined variable $order_columna
[Method: GET, Route: detalle_pedido]
in APPPATH/Views/listado_detalle_pedido.php on line 393.
 1 APPPATH/Views/listado_detalle_pedido.php(393): CodeIgniter\Debug\Exceptions->errorHandler(2, 'Undefined variable $order_columna', '/Applications/MAMP/htdocs/tienda_manualidades/app/Views/listado_detalle_pedido.php', 393)
 2 SYSTEMPATH/View/View.php(224): include('/Applications/MAMP/htdocs/tienda_manualidades/app/Views/listado_detalle_pedido.php')
 3 SYSTEMPATH/View/View.php(227): CodeIgniter\View\View->CodeIgniter\View\{closure}()
 4 SYSTEMPATH/Common.php(1173): CodeIgniter\View\View->render('listado_detalle_pedido', [], true)
 5 APPPATH/Controllers/DetallePedidoController.php(81): view('listado_detalle_pedido', [...])
 6 SYSTEMPATH/CodeIgniter.php(933): App\Controllers\DetallePedidoController->index()
 7 SYSTEMPATH/CodeIgniter.php(507): CodeIgniter\CodeIgniter->runController(Object(App\Controllers\DetallePedidoController))
 8 SYSTEMPATH/CodeIgniter.php(354): CodeIgniter\CodeIgniter->handleRequest(null, Object(Config\Cache), false)
 9 SYSTEMPATH/Boot.php(334): CodeIgniter\CodeIgniter->run()
10 SYSTEMPATH/Boot.php(67): CodeIgniter\Boot::runCodeIgniter(Object(CodeIgniter\CodeIgniter))
11 FCPATH/index.php(56): CodeIgniter\Boot::bootWeb(Object(Config\Paths))
CRITICAL - 2025-02-28 14:17:18 --> ErrorException: Undefined variable $pk_id_detalle
[Method: GET, Route: detalle_pedido]
in APPPATH/Views/listado_detalle_pedido.php on line 411.
 1 APPPATH/Views/listado_detalle_pedido.php(411): CodeIgniter\Debug\Exceptions->errorHandler(2, 'Undefined variable $pk_id_detalle', '/Applications/MAMP/htdocs/tienda_manualidades/app/Views/listado_detalle_pedido.php', 411)
 2 SYSTEMPATH/View/View.php(224): include('/Applications/MAMP/htdocs/tienda_manualidades/app/Views/listado_detalle_pedido.php')
 3 SYSTEMPATH/View/View.php(227): CodeIgniter\View\View->CodeIgniter\View\{closure}()
 4 SYSTEMPATH/Common.php(1173): CodeIgniter\View\View->render('listado_detalle_pedido', [], true)
 5 APPPATH/Controllers/DetallePedidoController.php(86): view('listado_detalle_pedido', [...])
 6 SYSTEMPATH/CodeIgniter.php(933): App\Controllers\DetallePedidoController->index()
 7 SYSTEMPATH/CodeIgniter.php(507): CodeIgniter\CodeIgniter->runController(Object(App\Controllers\DetallePedidoController))
 8 SYSTEMPATH/CodeIgniter.php(354): CodeIgniter\CodeIgniter->handleRequest(null, Object(Config\Cache), false)
 9 SYSTEMPATH/Boot.php(334): CodeIgniter\CodeIgniter->run()
10 SYSTEMPATH/Boot.php(67): CodeIgniter\Boot::runCodeIgniter(Object(CodeIgniter\CodeIgniter))
11 FCPATH/index.php(56): CodeIgniter\Boot::bootWeb(Object(Config\Paths))
CRITICAL - 2025-02-28 14:18:44 --> ErrorException: Undefined variable $pk_id_detalle
[Method: GET, Route: detalle_pedido]
in APPPATH/Views/listado_detalle_pedido.php on line 411.
 1 APPPATH/Views/listado_detalle_pedido.php(411): CodeIgniter\Debug\Exceptions->errorHandler(2, 'Undefined variable $pk_id_detalle', '/Applications/MAMP/htdocs/tienda_manualidades/app/Views/listado_detalle_pedido.php', 411)
 2 SYSTEMPATH/View/View.php(224): include('/Applications/MAMP/htdocs/tienda_manualidades/app/Views/listado_detalle_pedido.php')
 3 SYSTEMPATH/View/View.php(227): CodeIgniter\View\View->CodeIgniter\View\{closure}()
 4 SYSTEMPATH/Common.php(1173): CodeIgniter\View\View->render('listado_detalle_pedido', [], true)
 5 APPPATH/Controllers/DetallePedidoController.php(89): view('listado_detalle_pedido', [...])
 6 SYSTEMPATH/CodeIgniter.php(933): App\Controllers\DetallePedidoController->index()
 7 SYSTEMPATH/CodeIgniter.php(507): CodeIgniter\CodeIgniter->runController(Object(App\Controllers\DetallePedidoController))
 8 SYSTEMPATH/CodeIgniter.php(354): CodeIgniter\CodeIgniter->handleRequest(null, Object(Config\Cache), false)
 9 SYSTEMPATH/Boot.php(334): CodeIgniter\CodeIgniter->run()
10 SYSTEMPATH/Boot.php(67): CodeIgniter\Boot::runCodeIgniter(Object(CodeIgniter\CodeIgniter))
11 FCPATH/index.php(56): CodeIgniter\Boot::bootWeb(Object(Config\Paths))
