CRITICAL - 2025-02-27 08:36:04 --> ErrorException: Undefined array key "nombre"
[Method: GET, Route: categorias/exportar]
in APPPATH/Controllers/CategoriaController.php on line 176.
 1 APPPATH/Controllers/CategoriaController.php(176): CodeIgniter\Debug\Exceptions->errorHandler(2, 'Undefined array key "nombre"', '/Applications/MAMP/htdocs/tienda_manualidades/app/Controllers/CategoriaController.php', 176)
 2 SYSTEMPATH/CodeIgniter.php(933): App\Controllers\CategoriaController->exportar()
 3 SYSTEMPATH/CodeIgniter.php(507): CodeIgniter\CodeIgniter->runController(Object(App\Controllers\CategoriaController))
 4 SYSTEMPATH/CodeIgniter.php(354): CodeIgniter\CodeIgniter->handleRequest(null, Object(Config\Cache), false)
 5 SYSTEMPATH/Boot.php(334): CodeIgniter\CodeIgniter->run()
 6 SYSTEMPATH/Boot.php(67): CodeIgniter\Boot::runCodeIgniter(Object(CodeIgniter\CodeIgniter))
 7 FCPATH/index.php(56): CodeIgniter\Boot::bootWeb(Object(Config\Paths))
CRITICAL - 2025-02-27 08:58:27 --> TypeError: CodeIgniter\BaseModel::paginate(): Argument #1 ($perPage) must be of type ?int, string given, called in /Applications/MAMP/htdocs/tienda_manualidades/app/Controllers/CategoriaController.php on line 68
[Method: GET, Route: categoria]
in SYSTEMPATH/BaseModel.php on line 1272.
 1 APPPATH/Controllers/CategoriaController.php(68): CodeIgniter\BaseModel->paginate('')
 2 SYSTEMPATH/CodeIgniter.php(933): App\Controllers\CategoriaController->index()
 3 SYSTEMPATH/CodeIgniter.php(507): CodeIgniter\CodeIgniter->runController(Object(App\Controllers\CategoriaController))
 4 SYSTEMPATH/CodeIgniter.php(354): CodeIgniter\CodeIgniter->handleRequest(null, Object(Config\Cache), false)
 5 SYSTEMPATH/Boot.php(334): CodeIgniter\CodeIgniter->run()
 6 SYSTEMPATH/Boot.php(67): CodeIgniter\Boot::runCodeIgniter(Object(CodeIgniter\CodeIgniter))
 7 FCPATH/index.php(56): CodeIgniter\Boot::bootWeb(Object(Config\Paths))
CRITICAL - 2025-02-27 09:33:32 --> ErrorException: Undefined array key "id"
[Method: GET, Route: categorias/exportar]
in APPPATH/Controllers/CategoriaController.php on line 202.
 1 APPPATH/Controllers/CategoriaController.php(202): CodeIgniter\Debug\Exceptions->errorHandler(2, 'Undefined array key "id"', '/Applications/MAMP/htdocs/tienda_manualidades/app/Controllers/CategoriaController.php', 202)
 2 SYSTEMPATH/CodeIgniter.php(933): App\Controllers\CategoriaController->exportar()
 3 SYSTEMPATH/CodeIgniter.php(507): CodeIgniter\CodeIgniter->runController(Object(App\Controllers\CategoriaController))
 4 SYSTEMPATH/CodeIgniter.php(354): CodeIgniter\CodeIgniter->handleRequest(null, Object(Config\Cache), false)
 5 SYSTEMPATH/Boot.php(334): CodeIgniter\CodeIgniter->run()
 6 SYSTEMPATH/Boot.php(67): CodeIgniter\Boot::runCodeIgniter(Object(CodeIgniter\CodeIgniter))
 7 FCPATH/index.php(56): CodeIgniter\Boot::bootWeb(Object(Config\Paths))
CRITICAL - 2025-02-27 09:36:25 --> ErrorException: Undefined array key "id"
[Method: GET, Route: categoria/exportar]
in APPPATH/Controllers/CategoriaController.php on line 202.
 1 APPPATH/Controllers/CategoriaController.php(202): CodeIgniter\Debug\Exceptions->errorHandler(2, 'Undefined array key "id"', '/Applications/MAMP/htdocs/tienda_manualidades/app/Controllers/CategoriaController.php', 202)
 2 SYSTEMPATH/CodeIgniter.php(933): App\Controllers\CategoriaController->exportar()
 3 SYSTEMPATH/CodeIgniter.php(507): CodeIgniter\CodeIgniter->runController(Object(App\Controllers\CategoriaController))
 4 SYSTEMPATH/CodeIgniter.php(354): CodeIgniter\CodeIgniter->handleRequest(null, Object(Config\Cache), false)
 5 SYSTEMPATH/Boot.php(334): CodeIgniter\CodeIgniter->run()
 6 SYSTEMPATH/Boot.php(67): CodeIgniter\Boot::runCodeIgniter(Object(CodeIgniter\CodeIgniter))
 7 FCPATH/index.php(56): CodeIgniter\Boot::bootWeb(Object(Config\Paths))
CRITICAL - 2025-02-27 09:36:45 --> ErrorException: Undefined array key "id"
[Method: GET, Route: categoria/exportar]
in APPPATH/Controllers/CategoriaController.php on line 202.
 1 APPPATH/Controllers/CategoriaController.php(202): CodeIgniter\Debug\Exceptions->errorHandler(2, 'Undefined array key "id"', '/Applications/MAMP/htdocs/tienda_manualidades/app/Controllers/CategoriaController.php', 202)
 2 SYSTEMPATH/CodeIgniter.php(933): App\Controllers\CategoriaController->exportar()
 3 SYSTEMPATH/CodeIgniter.php(507): CodeIgniter\CodeIgniter->runController(Object(App\Controllers\CategoriaController))
 4 SYSTEMPATH/CodeIgniter.php(354): CodeIgniter\CodeIgniter->handleRequest(null, Object(Config\Cache), false)
 5 SYSTEMPATH/Boot.php(334): CodeIgniter\CodeIgniter->run()
 6 SYSTEMPATH/Boot.php(67): CodeIgniter\Boot::runCodeIgniter(Object(CodeIgniter\CodeIgniter))
 7 FCPATH/index.php(56): CodeIgniter\Boot::bootWeb(Object(Config\Paths))
CRITICAL - 2025-02-27 09:55:09 --> ErrorException: Undefined property: CodeIgniter\View\View::$request
[Method: GET, Route: categoria]
in APPPATH/Views/listado_categoria.php on line 408.
 1 APPPATH/Views/listado_categoria.php(408): CodeIgniter\Debug\Exceptions->errorHandler(2, 'Undefined property: CodeIgniter\\View\\View::$request', '/Applications/MAMP/htdocs/tienda_manualidades/app/Views/listado_categoria.php', 408)
 2 SYSTEMPATH/View/View.php(224): include('/Applications/MAMP/htdocs/tienda_manualidades/app/Views/listado_categoria.php')
 3 SYSTEMPATH/View/View.php(227): CodeIgniter\View\View->CodeIgniter\View\{closure}()
 4 SYSTEMPATH/Common.php(1173): CodeIgniter\View\View->render('listado_categoria', [], true)
 5 APPPATH/Controllers/CategoriaController.php(84): view('listado_categoria', [...])
 6 SYSTEMPATH/CodeIgniter.php(933): App\Controllers\CategoriaController->index()
 7 SYSTEMPATH/CodeIgniter.php(507): CodeIgniter\CodeIgniter->runController(Object(App\Controllers\CategoriaController))
 8 SYSTEMPATH/CodeIgniter.php(354): CodeIgniter\CodeIgniter->handleRequest(null, Object(Config\Cache), false)
 9 SYSTEMPATH/Boot.php(334): CodeIgniter\CodeIgniter->run()
10 SYSTEMPATH/Boot.php(67): CodeIgniter\Boot::runCodeIgniter(Object(CodeIgniter\CodeIgniter))
11 FCPATH/index.php(56): CodeIgniter\Boot::bootWeb(Object(Config\Paths))
CRITICAL - 2025-02-27 09:55:41 --> ErrorException: Undefined array key "id"
[Method: GET, Route: categoria/exportar]
in APPPATH/Controllers/CategoriaController.php on line 214.
 1 APPPATH/Controllers/CategoriaController.php(214): CodeIgniter\Debug\Exceptions->errorHandler(2, 'Undefined array key "id"', '/Applications/MAMP/htdocs/tienda_manualidades/app/Controllers/CategoriaController.php', 214)
 2 SYSTEMPATH/CodeIgniter.php(933): App\Controllers\CategoriaController->exportar()
 3 SYSTEMPATH/CodeIgniter.php(507): CodeIgniter\CodeIgniter->runController(Object(App\Controllers\CategoriaController))
 4 SYSTEMPATH/CodeIgniter.php(354): CodeIgniter\CodeIgniter->handleRequest(null, Object(Config\Cache), false)
 5 SYSTEMPATH/Boot.php(334): CodeIgniter\CodeIgniter->run()
 6 SYSTEMPATH/Boot.php(67): CodeIgniter\Boot::runCodeIgniter(Object(CodeIgniter\CodeIgniter))
 7 FCPATH/index.php(56): CodeIgniter\Boot::bootWeb(Object(Config\Paths))
