ERROR - 2025-03-06 10:15:09 --> mysqli_sql_exception: Duplicate entry 'aa@gmail.com' for key 'cliente.EMAIL' in /Applications/MAMP/htdocs/tienda_manualidades/system/Database/MySQLi/Connection.php:327
Stack trace:
#0 /Applications/MAMP/htdocs/tienda_manualidades/system/Database/MySQLi/Connection.php(327): mysqli->query('INSERT INTO `CL...', 0)
#1 /Applications/MAMP/htdocs/tienda_manualidades/system/Database/BaseConnection.php(738): CodeIgniter\Database\MySQLi\Connection->execute('INSERT INTO `CL...')
#2 /Applications/MAMP/htdocs/tienda_manualidades/system/Database/BaseConnection.php(652): CodeIgniter\Database\BaseConnection->simpleQuery('INSERT INTO `CL...')
#3 /Applications/MAMP/htdocs/tienda_manualidades/system/Database/BaseBuilder.php(2345): CodeIgniter\Database\BaseConnection->query('INSERT INTO `CL...', Array, false)
#4 /Applications/MAMP/htdocs/tienda_manualidades/system/Model.php(394): CodeIgniter\Database\BaseBuilder->insert()
#5 /Applications/MAMP/htdocs/tienda_manualidades/system/BaseModel.php(839): CodeIgniter\Model->doInsert(Array)
#6 /Applications/MAMP/htdocs/tienda_manualidades/system/Model.php(800): CodeIgniter\BaseModel->insert(Array, false)
#7 /Applications/MAMP/htdocs/tienda_manualidades/system/BaseModel.php(750): CodeIgniter\Model->insert(Array, false)
#8 /Applications/MAMP/htdocs/tienda_manualidades/app/Controllers/RegisterController.php(89): CodeIgniter\BaseModel->save(Array)
#9 /Applications/MAMP/htdocs/tienda_manualidades/system/CodeIgniter.php(933): App\Controllers\RegisterController->authenticate()
#10 /Applications/MAMP/htdocs/tienda_manualidades/system/CodeIgniter.php(507): CodeIgniter\CodeIgniter->runController(Object(App\Controllers\RegisterController))
#11 /Applications/MAMP/htdocs/tienda_manualidades/system/CodeIgniter.php(354): CodeIgniter\CodeIgniter->handleRequest(NULL, Object(Config\Cache), false)
#12 /Applications/MAMP/htdocs/tienda_manualidades/system/Boot.php(334): CodeIgniter\CodeIgniter->run()
#13 /Applications/MAMP/htdocs/tienda_manualidades/system/Boot.php(67): CodeIgniter\Boot::runCodeIgniter(Object(CodeIgniter\CodeIgniter))
#14 /Applications/MAMP/htdocs/tienda_manualidades/public/index.php(56): CodeIgniter\Boot::bootWeb(Object(Config\Paths))
#15 {main}
CRITICAL - 2025-03-06 10:15:09 --> CodeIgniter\Database\Exceptions\DatabaseException: Duplicate entry 'aa@gmail.com' for key 'cliente.EMAIL'
[Method: POST, Route: register/authenticate]
in SYSTEMPATH/Database/BaseConnection.php on line 692.
 1 SYSTEMPATH/Database/BaseBuilder.php(2345): CodeIgniter\Database\BaseConnection->query('INSERT INTO `CLIENTE` (`NOMBRE`, `EMAIL`, `CONTRASENA`, `TELEFONO`, `DIRECCION`) VALUES (:NOMBRE:, :EMAIL:, :CONTRASENA:, :TELEFONO:, :DIRECCION:)', [...], false)
 2 SYSTEMPATH/Model.php(394): CodeIgniter\Database\BaseBuilder->insert()
 3 SYSTEMPATH/BaseModel.php(839): CodeIgniter\Model->doInsert([...])
 4 SYSTEMPATH/Model.php(800): CodeIgniter\BaseModel->insert([...], false)
 5 SYSTEMPATH/BaseModel.php(750): CodeIgniter\Model->insert([...], false)
 6 APPPATH/Controllers/RegisterController.php(89): CodeIgniter\BaseModel->save([...])
 7 SYSTEMPATH/CodeIgniter.php(933): App\Controllers\RegisterController->authenticate()
 8 SYSTEMPATH/CodeIgniter.php(507): CodeIgniter\CodeIgniter->runController(Object(App\Controllers\RegisterController))
 9 SYSTEMPATH/CodeIgniter.php(354): CodeIgniter\CodeIgniter->handleRequest(null, Object(Config\Cache), false)
10 SYSTEMPATH/Boot.php(334): CodeIgniter\CodeIgniter->run()
11 SYSTEMPATH/Boot.php(67): CodeIgniter\Boot::runCodeIgniter(Object(CodeIgniter\CodeIgniter))
12 FCPATH/index.php(56): CodeIgniter\Boot::bootWeb(Object(Config\Paths))
CRITICAL - 2025-03-06 10:15:09 --> [Caused by] CodeIgniter\Database\Exceptions\DatabaseException: Duplicate entry 'aa@gmail.com' for key 'cliente.EMAIL'
in SYSTEMPATH/Database/MySQLi/Connection.php on line 332.
 1 SYSTEMPATH/Database/BaseConnection.php(738): CodeIgniter\Database\MySQLi\Connection->execute('INSERT INTO `CLIENTE` (`NOMBRE`, `EMAIL`, `CONTRASENA`, `TELEFONO`, `DIRECCION`) VALUES (\'aaaaaa\', \'aa@gmail.com\', \'$2y$10$oTW1MK2plVoqvO7WHJwly.q0bmMxDmDuK4legc0i5jMaoIpGrwahS\', \'123456789\', \'su casa\')')
 2 SYSTEMPATH/Database/BaseConnection.php(652): CodeIgniter\Database\BaseConnection->simpleQuery('INSERT INTO `CLIENTE` (`NOMBRE`, `EMAIL`, `CONTRASENA`, `TELEFONO`, `DIRECCION`) VALUES (\'aaaaaa\', \'aa@gmail.com\', \'$2y$10$oTW1MK2plVoqvO7WHJwly.q0bmMxDmDuK4legc0i5jMaoIpGrwahS\', \'123456789\', \'su casa\')')
 3 SYSTEMPATH/Database/BaseBuilder.php(2345): CodeIgniter\Database\BaseConnection->query('INSERT INTO `CLIENTE` (`NOMBRE`, `EMAIL`, `CONTRASENA`, `TELEFONO`, `DIRECCION`) VALUES (:NOMBRE:, :EMAIL:, :CONTRASENA:, :TELEFONO:, :DIRECCION:)', [...], false)
 4 SYSTEMPATH/Model.php(394): CodeIgniter\Database\BaseBuilder->insert()
 5 SYSTEMPATH/BaseModel.php(839): CodeIgniter\Model->doInsert([...])
 6 SYSTEMPATH/Model.php(800): CodeIgniter\BaseModel->insert([...], false)
 7 SYSTEMPATH/BaseModel.php(750): CodeIgniter\Model->insert([...], false)
 8 APPPATH/Controllers/RegisterController.php(89): CodeIgniter\BaseModel->save([...])
 9 SYSTEMPATH/CodeIgniter.php(933): App\Controllers\RegisterController->authenticate()
10 SYSTEMPATH/CodeIgniter.php(507): CodeIgniter\CodeIgniter->runController(Object(App\Controllers\RegisterController))
11 SYSTEMPATH/CodeIgniter.php(354): CodeIgniter\CodeIgniter->handleRequest(null, Object(Config\Cache), false)
12 SYSTEMPATH/Boot.php(334): CodeIgniter\CodeIgniter->run()
13 SYSTEMPATH/Boot.php(67): CodeIgniter\Boot::runCodeIgniter(Object(CodeIgniter\CodeIgniter))
14 FCPATH/index.php(56): CodeIgniter\Boot::bootWeb(Object(Config\Paths))
CRITICAL - 2025-03-06 10:15:09 --> [Caused by] mysqli_sql_exception: Duplicate entry 'aa@gmail.com' for key 'cliente.EMAIL'
in SYSTEMPATH/Database/MySQLi/Connection.php on line 327.
 1 SYSTEMPATH/Database/MySQLi/Connection.php(327): mysqli->query('INSERT INTO `CLIENTE` (`NOMBRE`, `EMAIL`, `CONTRASENA`, `TELEFONO`, `DIRECCION`) VALUES (\'aaaaaa\', \'aa@gmail.com\', \'$2y$10$oTW1MK2plVoqvO7WHJwly.q0bmMxDmDuK4legc0i5jMaoIpGrwahS\', \'123456789\', \'su casa\')', 0)
 2 SYSTEMPATH/Database/BaseConnection.php(738): CodeIgniter\Database\MySQLi\Connection->execute('INSERT INTO `CLIENTE` (`NOMBRE`, `EMAIL`, `CONTRASENA`, `TELEFONO`, `DIRECCION`) VALUES (\'aaaaaa\', \'aa@gmail.com\', \'$2y$10$oTW1MK2plVoqvO7WHJwly.q0bmMxDmDuK4legc0i5jMaoIpGrwahS\', \'123456789\', \'su casa\')')
 3 SYSTEMPATH/Database/BaseConnection.php(652): CodeIgniter\Database\BaseConnection->simpleQuery('INSERT INTO `CLIENTE` (`NOMBRE`, `EMAIL`, `CONTRASENA`, `TELEFONO`, `DIRECCION`) VALUES (\'aaaaaa\', \'aa@gmail.com\', \'$2y$10$oTW1MK2plVoqvO7WHJwly.q0bmMxDmDuK4legc0i5jMaoIpGrwahS\', \'123456789\', \'su casa\')')
 4 SYSTEMPATH/Database/BaseBuilder.php(2345): CodeIgniter\Database\BaseConnection->query('INSERT INTO `CLIENTE` (`NOMBRE`, `EMAIL`, `CONTRASENA`, `TELEFONO`, `DIRECCION`) VALUES (:NOMBRE:, :EMAIL:, :CONTRASENA:, :TELEFONO:, :DIRECCION:)', [...], false)
 5 SYSTEMPATH/Model.php(394): CodeIgniter\Database\BaseBuilder->insert()
 6 SYSTEMPATH/BaseModel.php(839): CodeIgniter\Model->doInsert([...])
 7 SYSTEMPATH/Model.php(800): CodeIgniter\BaseModel->insert([...], false)
 8 SYSTEMPATH/BaseModel.php(750): CodeIgniter\Model->insert([...], false)
 9 APPPATH/Controllers/RegisterController.php(89): CodeIgniter\BaseModel->save([...])
10 SYSTEMPATH/CodeIgniter.php(933): App\Controllers\RegisterController->authenticate()
11 SYSTEMPATH/CodeIgniter.php(507): CodeIgniter\CodeIgniter->runController(Object(App\Controllers\RegisterController))
12 SYSTEMPATH/CodeIgniter.php(354): CodeIgniter\CodeIgniter->handleRequest(null, Object(Config\Cache), false)
13 SYSTEMPATH/Boot.php(334): CodeIgniter\CodeIgniter->run()
14 SYSTEMPATH/Boot.php(67): CodeIgniter\Boot::runCodeIgniter(Object(CodeIgniter\CodeIgniter))
15 FCPATH/index.php(56): CodeIgniter\Boot::bootWeb(Object(Config\Paths))
