CRITICAL - 2025-02-25 08:23:30 --> ErrorException: Undefined variable $session
[Method: GET, Route: home]
in APPPATH/Views/metronic.php on line 123.
 1 APPPATH/Views/metronic.php(123): CodeIgniter\Debug\Exceptions->errorHandler(2, 'Undefined variable $session', '/Applications/MAMP/htdocs/tienda_manualidades/app/Views/metronic.php', 123)
 2 SYSTEMPATH/View/View.php(224): include('/Applications/MAMP/htdocs/tienda_manualidades/app/Views/metronic.php')
 3 SYSTEMPATH/View/View.php(227): CodeIgniter\View\View->CodeIgniter\View\{closure}()
 4 SYSTEMPATH/Common.php(1173): CodeIgniter\View\View->render('metronic', [], true)
 5 APPPATH/Controllers/Home.php(9): view('metronic')
 6 SYSTEMPATH/CodeIgniter.php(933): App\Controllers\Home->index()
 7 SYSTEMPATH/CodeIgniter.php(507): CodeIgniter\CodeIgniter->runController(Object(App\Controllers\Home))
 8 SYSTEMPATH/CodeIgniter.php(354): CodeIgniter\CodeIgniter->handleRequest(null, Object(Config\Cache), false)
 9 SYSTEMPATH/Boot.php(334): CodeIgniter\CodeIgniter->run()
10 SYSTEMPATH/Boot.php(67): CodeIgniter\Boot::runCodeIgniter(Object(CodeIgniter\CodeIgniter))
11 FCPATH/index.php(56): CodeIgniter\Boot::bootWeb(Object(Config\Paths))
CRITICAL - 2025-02-25 08:30:12 --> ErrorException: Undefined variable $session
[Method: GET, Route: home]
in APPPATH/Views/metronic.php on line 118.
 1 APPPATH/Views/metronic.php(118): CodeIgniter\Debug\Exceptions->errorHandler(2, 'Undefined variable $session', '/Applications/MAMP/htdocs/tienda_manualidades/app/Views/metronic.php', 118)
 2 SYSTEMPATH/View/View.php(224): include('/Applications/MAMP/htdocs/tienda_manualidades/app/Views/metronic.php')
 3 SYSTEMPATH/View/View.php(227): CodeIgniter\View\View->CodeIgniter\View\{closure}()
 4 SYSTEMPATH/Common.php(1173): CodeIgniter\View\View->render('metronic', [], true)
 5 APPPATH/Controllers/Home.php(9): view('metronic')
 6 SYSTEMPATH/CodeIgniter.php(933): App\Controllers\Home->index()
 7 SYSTEMPATH/CodeIgniter.php(507): CodeIgniter\CodeIgniter->runController(Object(App\Controllers\Home))
 8 SYSTEMPATH/CodeIgniter.php(354): CodeIgniter\CodeIgniter->handleRequest(null, Object(Config\Cache), false)
 9 SYSTEMPATH/Boot.php(334): CodeIgniter\CodeIgniter->run()
10 SYSTEMPATH/Boot.php(67): CodeIgniter\Boot::runCodeIgniter(Object(CodeIgniter\CodeIgniter))
11 FCPATH/index.php(56): CodeIgniter\Boot::bootWeb(Object(Config\Paths))
