ERROR - 2025-03-03 08:33:37 --> mysqli_sql_exception: Duplicate entry 'Ignacio@gmail.com' for key 'cliente.EMAIL' in /Applications/MAMP/htdocs/tienda_manualidades/system/Database/MySQLi/Connection.php:327
Stack trace:
#0 /Applications/MAMP/htdocs/tienda_manualidades/system/Database/MySQLi/Connection.php(327): mysqli->query('INSERT INTO `CL...', 0)
#1 /Applications/MAMP/htdocs/tienda_manualidades/system/Database/BaseConnection.php(738): CodeIgniter\Database\MySQLi\Connection->execute('INSERT INTO `CL...')
#2 /Applications/MAMP/htdocs/tienda_manualidades/system/Database/BaseConnection.php(652): CodeIgniter\Database\BaseConnection->simpleQuery('INSERT INTO `CL...')
#3 /Applications/MAMP/htdocs/tienda_manualidades/system/Database/BaseBuilder.php(2345): CodeIgniter\Database\BaseConnection->query('INSERT INTO `CL...', Array, false)
#4 /Applications/MAMP/htdocs/tienda_manualidades/system/Model.php(394): CodeIgniter\Database\BaseBuilder->insert()
#5 /Applications/MAMP/htdocs/tienda_manualidades/system/BaseModel.php(839): CodeIgniter\Model->doInsert(Array)
#6 /Applications/MAMP/htdocs/tienda_manualidades/system/Model.php(800): CodeIgniter\BaseModel->insert(Array, false)
#7 /Applications/MAMP/htdocs/tienda_manualidades/system/BaseModel.php(750): CodeIgniter\Model->insert(Array, false)
#8 /Applications/MAMP/htdocs/tienda_manualidades/app/Controllers/RegisterController.php(29): CodeIgniter\BaseModel->save(Array)
#9 /Applications/MAMP/htdocs/tienda_manualidades/system/CodeIgniter.php(933): App\Controllers\RegisterController->authenticate()
#10 /Applications/MAMP/htdocs/tienda_manualidades/system/CodeIgniter.php(507): CodeIgniter\CodeIgniter->runController(Object(App\Controllers\RegisterController))
#11 /Applications/MAMP/htdocs/tienda_manualidades/system/CodeIgniter.php(354): CodeIgniter\CodeIgniter->handleRequest(NULL, Object(Config\Cache), false)
#12 /Applications/MAMP/htdocs/tienda_manualidades/system/Boot.php(334): CodeIgniter\CodeIgniter->run()
#13 /Applications/MAMP/htdocs/tienda_manualidades/system/Boot.php(67): CodeIgniter\Boot::runCodeIgniter(Object(CodeIgniter\CodeIgniter))
#14 /Applications/MAMP/htdocs/tienda_manualidades/public/index.php(56): CodeIgniter\Boot::bootWeb(Object(Config\Paths))
#15 {main}
CRITICAL - 2025-03-03 08:33:37 --> CodeIgniter\Database\Exceptions\DatabaseException: Duplicate entry 'Ignacio@gmail.com' for key 'cliente.EMAIL'
[Method: POST, Route: register/authenticate]
in SYSTEMPATH/Database/BaseConnection.php on line 692.
 1 SYSTEMPATH/Database/BaseBuilder.php(2345): CodeIgniter\Database\BaseConnection->query('INSERT INTO `CLIENTE` (`NOMBRE`, `EMAIL`, `CONTRASENA`, `TELEFONO`, `DIRECCION`) VALUES (:NOMBRE:, :EMAIL:, :CONTRASENA:, :TELEFONO:, :DIRECCION:)', [...], false)
 2 SYSTEMPATH/Model.php(394): CodeIgniter\Database\BaseBuilder->insert()
 3 SYSTEMPATH/BaseModel.php(839): CodeIgniter\Model->doInsert([...])
 4 SYSTEMPATH/Model.php(800): CodeIgniter\BaseModel->insert([...], false)
 5 SYSTEMPATH/BaseModel.php(750): CodeIgniter\Model->insert([...], false)
 6 APPPATH/Controllers/RegisterController.php(29): CodeIgniter\BaseModel->save([...])
 7 SYSTEMPATH/CodeIgniter.php(933): App\Controllers\RegisterController->authenticate()
 8 SYSTEMPATH/CodeIgniter.php(507): CodeIgniter\CodeIgniter->runController(Object(App\Controllers\RegisterController))
 9 SYSTEMPATH/CodeIgniter.php(354): CodeIgniter\CodeIgniter->handleRequest(null, Object(Config\Cache), false)
10 SYSTEMPATH/Boot.php(334): CodeIgniter\CodeIgniter->run()
11 SYSTEMPATH/Boot.php(67): CodeIgniter\Boot::runCodeIgniter(Object(CodeIgniter\CodeIgniter))
12 FCPATH/index.php(56): CodeIgniter\Boot::bootWeb(Object(Config\Paths))
CRITICAL - 2025-03-03 08:33:37 --> [Caused by] CodeIgniter\Database\Exceptions\DatabaseException: Duplicate entry 'Ignacio@gmail.com' for key 'cliente.EMAIL'
in SYSTEMPATH/Database/MySQLi/Connection.php on line 332.
 1 SYSTEMPATH/Database/BaseConnection.php(738): CodeIgniter\Database\MySQLi\Connection->execute('INSERT INTO `CLIENTE` (`NOMBRE`, `EMAIL`, `CONTRASENA`, `TELEFONO`, `DIRECCION`) VALUES (\'a\', \'Ignacio@gmail.com\', \'$2y$10$lm3Fu/F9yeJK.eIDrdimmeT90FKBS6dGcCoGA6nt7G0y6YY55QeQe\', \'123456789\', \'su casa\')')
 2 SYSTEMPATH/Database/BaseConnection.php(652): CodeIgniter\Database\BaseConnection->simpleQuery('INSERT INTO `CLIENTE` (`NOMBRE`, `EMAIL`, `CONTRASENA`, `TELEFONO`, `DIRECCION`) VALUES (\'a\', \'Ignacio@gmail.com\', \'$2y$10$lm3Fu/F9yeJK.eIDrdimmeT90FKBS6dGcCoGA6nt7G0y6YY55QeQe\', \'123456789\', \'su casa\')')
 3 SYSTEMPATH/Database/BaseBuilder.php(2345): CodeIgniter\Database\BaseConnection->query('INSERT INTO `CLIENTE` (`NOMBRE`, `EMAIL`, `CONTRASENA`, `TELEFONO`, `DIRECCION`) VALUES (:NOMBRE:, :EMAIL:, :CONTRASENA:, :TELEFONO:, :DIRECCION:)', [...], false)
 4 SYSTEMPATH/Model.php(394): CodeIgniter\Database\BaseBuilder->insert()
 5 SYSTEMPATH/BaseModel.php(839): CodeIgniter\Model->doInsert([...])
 6 SYSTEMPATH/Model.php(800): CodeIgniter\BaseModel->insert([...], false)
 7 SYSTEMPATH/BaseModel.php(750): CodeIgniter\Model->insert([...], false)
 8 APPPATH/Controllers/RegisterController.php(29): CodeIgniter\BaseModel->save([...])
 9 SYSTEMPATH/CodeIgniter.php(933): App\Controllers\RegisterController->authenticate()
10 SYSTEMPATH/CodeIgniter.php(507): CodeIgniter\CodeIgniter->runController(Object(App\Controllers\RegisterController))
11 SYSTEMPATH/CodeIgniter.php(354): CodeIgniter\CodeIgniter->handleRequest(null, Object(Config\Cache), false)
12 SYSTEMPATH/Boot.php(334): CodeIgniter\CodeIgniter->run()
13 SYSTEMPATH/Boot.php(67): CodeIgniter\Boot::runCodeIgniter(Object(CodeIgniter\CodeIgniter))
14 FCPATH/index.php(56): CodeIgniter\Boot::bootWeb(Object(Config\Paths))
CRITICAL - 2025-03-03 08:33:37 --> [Caused by] mysqli_sql_exception: Duplicate entry 'Ignacio@gmail.com' for key 'cliente.EMAIL'
in SYSTEMPATH/Database/MySQLi/Connection.php on line 327.
 1 SYSTEMPATH/Database/MySQLi/Connection.php(327): mysqli->query('INSERT INTO `CLIENTE` (`NOMBRE`, `EMAIL`, `CONTRASENA`, `TELEFONO`, `DIRECCION`) VALUES (\'a\', \'Ignacio@gmail.com\', \'$2y$10$lm3Fu/F9yeJK.eIDrdimmeT90FKBS6dGcCoGA6nt7G0y6YY55QeQe\', \'123456789\', \'su casa\')', 0)
 2 SYSTEMPATH/Database/BaseConnection.php(738): CodeIgniter\Database\MySQLi\Connection->execute('INSERT INTO `CLIENTE` (`NOMBRE`, `EMAIL`, `CONTRASENA`, `TELEFONO`, `DIRECCION`) VALUES (\'a\', \'Ignacio@gmail.com\', \'$2y$10$lm3Fu/F9yeJK.eIDrdimmeT90FKBS6dGcCoGA6nt7G0y6YY55QeQe\', \'123456789\', \'su casa\')')
 3 SYSTEMPATH/Database/BaseConnection.php(652): CodeIgniter\Database\BaseConnection->simpleQuery('INSERT INTO `CLIENTE` (`NOMBRE`, `EMAIL`, `CONTRASENA`, `TELEFONO`, `DIRECCION`) VALUES (\'a\', \'Ignacio@gmail.com\', \'$2y$10$lm3Fu/F9yeJK.eIDrdimmeT90FKBS6dGcCoGA6nt7G0y6YY55QeQe\', \'123456789\', \'su casa\')')
 4 SYSTEMPATH/Database/BaseBuilder.php(2345): CodeIgniter\Database\BaseConnection->query('INSERT INTO `CLIENTE` (`NOMBRE`, `EMAIL`, `CONTRASENA`, `TELEFONO`, `DIRECCION`) VALUES (:NOMBRE:, :EMAIL:, :CONTRASENA:, :TELEFONO:, :DIRECCION:)', [...], false)
 5 SYSTEMPATH/Model.php(394): CodeIgniter\Database\BaseBuilder->insert()
 6 SYSTEMPATH/BaseModel.php(839): CodeIgniter\Model->doInsert([...])
 7 SYSTEMPATH/Model.php(800): CodeIgniter\BaseModel->insert([...], false)
 8 SYSTEMPATH/BaseModel.php(750): CodeIgniter\Model->insert([...], false)
 9 APPPATH/Controllers/RegisterController.php(29): CodeIgniter\BaseModel->save([...])
10 SYSTEMPATH/CodeIgniter.php(933): App\Controllers\RegisterController->authenticate()
11 SYSTEMPATH/CodeIgniter.php(507): CodeIgniter\CodeIgniter->runController(Object(App\Controllers\RegisterController))
12 SYSTEMPATH/CodeIgniter.php(354): CodeIgniter\CodeIgniter->handleRequest(null, Object(Config\Cache), false)
13 SYSTEMPATH/Boot.php(334): CodeIgniter\CodeIgniter->run()
14 SYSTEMPATH/Boot.php(67): CodeIgniter\Boot::runCodeIgniter(Object(CodeIgniter\CodeIgniter))
15 FCPATH/index.php(56): CodeIgniter\Boot::bootWeb(Object(Config\Paths))
CRITICAL - 2025-03-03 12:38:56 --> Error: Class "App\Config\Google" not found
[Method: GET, Route: google-auth]
in APPPATH/Controllers/GoogleAuth.php on line 14.
 1 SYSTEMPATH/CodeIgniter.php(933): App\Controllers\GoogleAuth->login()
 2 SYSTEMPATH/CodeIgniter.php(507): CodeIgniter\CodeIgniter->runController(Object(App\Controllers\GoogleAuth))
 3 SYSTEMPATH/CodeIgniter.php(354): CodeIgniter\CodeIgniter->handleRequest(null, Object(Config\Cache), false)
 4 SYSTEMPATH/Boot.php(334): CodeIgniter\CodeIgniter->run()
 5 SYSTEMPATH/Boot.php(67): CodeIgniter\Boot::runCodeIgniter(Object(CodeIgniter\CodeIgniter))
 6 FCPATH/index.php(56): CodeIgniter\Boot::bootWeb(Object(Config\Paths))
CRITICAL - 2025-03-03 12:44:28 --> Error: Class "App\Config\Google" not found
[Method: GET, Route: google-auth]
in APPPATH/Controllers/GoogleAuth.php on line 14.
 1 SYSTEMPATH/CodeIgniter.php(933): App\Controllers\GoogleAuth->login()
 2 SYSTEMPATH/CodeIgniter.php(507): CodeIgniter\CodeIgniter->runController(Object(App\Controllers\GoogleAuth))
 3 SYSTEMPATH/CodeIgniter.php(354): CodeIgniter\CodeIgniter->handleRequest(null, Object(Config\Cache), false)
 4 SYSTEMPATH/Boot.php(334): CodeIgniter\CodeIgniter->run()
 5 SYSTEMPATH/Boot.php(67): CodeIgniter\Boot::runCodeIgniter(Object(CodeIgniter\CodeIgniter))
 6 FCPATH/index.php(56): CodeIgniter\Boot::bootWeb(Object(Config\Paths))
CRITICAL - 2025-03-03 12:48:39 --> Error: Class "Config\Google" not found
[Method: GET, Route: google-auth]
in APPPATH/Controllers/GoogleAuth.php on line 15.
 1 SYSTEMPATH/CodeIgniter.php(933): App\Controllers\GoogleAuth->login()
 2 SYSTEMPATH/CodeIgniter.php(507): CodeIgniter\CodeIgniter->runController(Object(App\Controllers\GoogleAuth))
 3 SYSTEMPATH/CodeIgniter.php(354): CodeIgniter\CodeIgniter->handleRequest(null, Object(Config\Cache), false)
 4 SYSTEMPATH/Boot.php(334): CodeIgniter\CodeIgniter->run()
 5 SYSTEMPATH/Boot.php(67): CodeIgniter\Boot::runCodeIgniter(Object(CodeIgniter\CodeIgniter))
 6 FCPATH/index.php(56): CodeIgniter\Boot::bootWeb(Object(Config\Paths))
CRITICAL - 2025-03-03 12:54:57 --> Error: Class "Config\Google" not found
[Method: GET, Route: google-auth]
in APPPATH/Controllers/GoogleAuth.php on line 14.
 1 SYSTEMPATH/CodeIgniter.php(933): App\Controllers\GoogleAuth->login()
 2 SYSTEMPATH/CodeIgniter.php(507): CodeIgniter\CodeIgniter->runController(Object(App\Controllers\GoogleAuth))
 3 SYSTEMPATH/CodeIgniter.php(354): CodeIgniter\CodeIgniter->handleRequest(null, Object(Config\Cache), false)
 4 SYSTEMPATH/Boot.php(334): CodeIgniter\CodeIgniter->run()
 5 SYSTEMPATH/Boot.php(67): CodeIgniter\Boot::runCodeIgniter(Object(CodeIgniter\CodeIgniter))
 6 FCPATH/index.php(56): CodeIgniter\Boot::bootWeb(Object(Config\Paths))
CRITICAL - 2025-03-03 12:55:15 --> Error: Class "Config\Google" not found
[Method: GET, Route: google-auth]
in APPPATH/Controllers/GoogleAuth.php on line 14.
 1 SYSTEMPATH/CodeIgniter.php(933): App\Controllers\GoogleAuth->login()
 2 SYSTEMPATH/CodeIgniter.php(507): CodeIgniter\CodeIgniter->runController(Object(App\Controllers\GoogleAuth))
 3 SYSTEMPATH/CodeIgniter.php(354): CodeIgniter\CodeIgniter->handleRequest(null, Object(Config\Cache), false)
 4 SYSTEMPATH/Boot.php(334): CodeIgniter\CodeIgniter->run()
 5 SYSTEMPATH/Boot.php(67): CodeIgniter\Boot::runCodeIgniter(Object(CodeIgniter\CodeIgniter))
 6 FCPATH/index.php(56): CodeIgniter\Boot::bootWeb(Object(Config\Paths))
CRITICAL - 2025-03-03 13:59:28 --> ErrorException: Undefined variable $user
[Method: GET, Route: home]
in APPPATH/Views/metronic.php on line 276.
 1 APPPATH/Views/metronic.php(276): CodeIgniter\Debug\Exceptions->errorHandler(2, 'Undefined variable $user', '/Applications/MAMP/htdocs/tienda_manualidades/app/Views/metronic.php', 276)
 2 SYSTEMPATH/View/View.php(224): include('/Applications/MAMP/htdocs/tienda_manualidades/app/Views/metronic.php')
 3 SYSTEMPATH/View/View.php(227): CodeIgniter\View\View->CodeIgniter\View\{closure}()
 4 SYSTEMPATH/Common.php(1173): CodeIgniter\View\View->render('metronic', [], true)
 5 APPPATH/Controllers/Home.php(9): view('metronic')
 6 SYSTEMPATH/CodeIgniter.php(933): App\Controllers\Home->index()
 7 SYSTEMPATH/CodeIgniter.php(507): CodeIgniter\CodeIgniter->runController(Object(App\Controllers\Home))
 8 SYSTEMPATH/CodeIgniter.php(354): CodeIgniter\CodeIgniter->handleRequest(null, Object(Config\Cache), false)
 9 SYSTEMPATH/Boot.php(334): CodeIgniter\CodeIgniter->run()
10 SYSTEMPATH/Boot.php(67): CodeIgniter\Boot::runCodeIgniter(Object(CodeIgniter\CodeIgniter))
11 FCPATH/index.php(56): CodeIgniter\Boot::bootWeb(Object(Config\Paths))
CRITICAL - 2025-03-03 14:00:14 --> ErrorException: Undefined variable $userInfo
[Method: GET, Route: home]
in APPPATH/Views/metronic.php on line 276.
 1 APPPATH/Views/metronic.php(276): CodeIgniter\Debug\Exceptions->errorHandler(2, 'Undefined variable $userInfo', '/Applications/MAMP/htdocs/tienda_manualidades/app/Views/metronic.php', 276)
 2 SYSTEMPATH/View/View.php(224): include('/Applications/MAMP/htdocs/tienda_manualidades/app/Views/metronic.php')
 3 SYSTEMPATH/View/View.php(227): CodeIgniter\View\View->CodeIgniter\View\{closure}()
 4 SYSTEMPATH/Common.php(1173): CodeIgniter\View\View->render('metronic', [], true)
 5 APPPATH/Controllers/Home.php(9): view('metronic')
 6 SYSTEMPATH/CodeIgniter.php(933): App\Controllers\Home->index()
 7 SYSTEMPATH/CodeIgniter.php(507): CodeIgniter\CodeIgniter->runController(Object(App\Controllers\Home))
 8 SYSTEMPATH/CodeIgniter.php(354): CodeIgniter\CodeIgniter->handleRequest(null, Object(Config\Cache), false)
 9 SYSTEMPATH/Boot.php(334): CodeIgniter\CodeIgniter->run()
10 SYSTEMPATH/Boot.php(67): CodeIgniter\Boot::runCodeIgniter(Object(CodeIgniter\CodeIgniter))
11 FCPATH/index.php(56): CodeIgniter\Boot::bootWeb(Object(Config\Paths))
CRITICAL - 2025-03-03 14:00:27 --> ErrorException: Undefined variable $user
[Method: GET, Route: home]
in APPPATH/Views/metronic.php on line 276.
 1 APPPATH/Views/metronic.php(276): CodeIgniter\Debug\Exceptions->errorHandler(2, 'Undefined variable $user', '/Applications/MAMP/htdocs/tienda_manualidades/app/Views/metronic.php', 276)
 2 SYSTEMPATH/View/View.php(224): include('/Applications/MAMP/htdocs/tienda_manualidades/app/Views/metronic.php')
 3 SYSTEMPATH/View/View.php(227): CodeIgniter\View\View->CodeIgniter\View\{closure}()
 4 SYSTEMPATH/Common.php(1173): CodeIgniter\View\View->render('metronic', [], true)
 5 APPPATH/Controllers/Home.php(9): view('metronic')
 6 SYSTEMPATH/CodeIgniter.php(933): App\Controllers\Home->index()
 7 SYSTEMPATH/CodeIgniter.php(507): CodeIgniter\CodeIgniter->runController(Object(App\Controllers\Home))
 8 SYSTEMPATH/CodeIgniter.php(354): CodeIgniter\CodeIgniter->handleRequest(null, Object(Config\Cache), false)
 9 SYSTEMPATH/Boot.php(334): CodeIgniter\CodeIgniter->run()
10 SYSTEMPATH/Boot.php(67): CodeIgniter\Boot::runCodeIgniter(Object(CodeIgniter\CodeIgniter))
11 FCPATH/index.php(56): CodeIgniter\Boot::bootWeb(Object(Config\Paths))
CRITICAL - 2025-03-03 17:21:05 --> Error: Object of class CodeIgniter\Session\Session could not be converted to string
[Method: GET, Route: home]
in APPPATH/Views/metronic.php on line 236.
 1 SYSTEMPATH/View/View.php(224): include()
 2 SYSTEMPATH/View/View.php(227): CodeIgniter\View\View->CodeIgniter\View\{closure}()
 3 SYSTEMPATH/Common.php(1173): CodeIgniter\View\View->render('metronic', [], true)
 4 APPPATH/Controllers/Home.php(9): view('metronic')
 5 SYSTEMPATH/CodeIgniter.php(933): App\Controllers\Home->index()
 6 SYSTEMPATH/CodeIgniter.php(507): CodeIgniter\CodeIgniter->runController(Object(App\Controllers\Home))
 7 SYSTEMPATH/CodeIgniter.php(354): CodeIgniter\CodeIgniter->handleRequest(null, Object(Config\Cache), false)
 8 SYSTEMPATH/Boot.php(334): CodeIgniter\CodeIgniter->run()
 9 SYSTEMPATH/Boot.php(67): CodeIgniter\Boot::runCodeIgniter(Object(CodeIgniter\CodeIgniter))
10 FCPATH/index.php(56): CodeIgniter\Boot::bootWeb(Object(Config\Paths))
CRITICAL - 2025-03-03 17:21:24 --> Error: Object of class CodeIgniter\Session\Session could not be converted to string
[Method: GET, Route: home]
in APPPATH/Views/metronic.php on line 236.
 1 SYSTEMPATH/View/View.php(224): include()
 2 SYSTEMPATH/View/View.php(227): CodeIgniter\View\View->CodeIgniter\View\{closure}()
 3 SYSTEMPATH/Common.php(1173): CodeIgniter\View\View->render('metronic', [], true)
 4 APPPATH/Controllers/Home.php(9): view('metronic')
 5 SYSTEMPATH/CodeIgniter.php(933): App\Controllers\Home->index()
 6 SYSTEMPATH/CodeIgniter.php(507): CodeIgniter\CodeIgniter->runController(Object(App\Controllers\Home))
 7 SYSTEMPATH/CodeIgniter.php(354): CodeIgniter\CodeIgniter->handleRequest(null, Object(Config\Cache), false)
 8 SYSTEMPATH/Boot.php(334): CodeIgniter\CodeIgniter->run()
 9 SYSTEMPATH/Boot.php(67): CodeIgniter\Boot::runCodeIgniter(Object(CodeIgniter\CodeIgniter))
10 FCPATH/index.php(56): CodeIgniter\Boot::bootWeb(Object(Config\Paths))
CRITICAL - 2025-03-03 18:07:56 --> ParseError: syntax error, unexpected token "}"
[Method: GET, Route: google-auth]
in APPPATH/Controllers/GoogleAuth.php on line 29.
 1 VENDORPATH/composer/ClassLoader.php(427): Composer\Autoload\{closure}('/Applications/MAMP/htdocs/tienda_manualidades/vendor/composer/../../app/Controllers/GoogleAuth.php')
 2 [internal function]: Composer\Autoload\ClassLoader->loadClass('App\\Controllers\\GoogleAuth')
 3 SYSTEMPATH/CodeIgniter.php(885): class_exists('\\App\\Controllers\\GoogleAuth', true)
 4 SYSTEMPATH/CodeIgniter.php(494): CodeIgniter\CodeIgniter->startController()
 5 SYSTEMPATH/CodeIgniter.php(354): CodeIgniter\CodeIgniter->handleRequest(null, Object(Config\Cache), false)
 6 SYSTEMPATH/Boot.php(334): CodeIgniter\CodeIgniter->run()
 7 SYSTEMPATH/Boot.php(67): CodeIgniter\Boot::runCodeIgniter(Object(CodeIgniter\CodeIgniter))
 8 FCPATH/index.php(56): CodeIgniter\Boot::bootWeb(Object(Config\Paths))
CRITICAL - 2025-03-03 18:10:35 --> ErrorException: Undefined array key "id"
[Method: GET, Route: google-callback]
in APPPATH/Controllers/GoogleAuth.php on line 67.
 1 APPPATH/Controllers/GoogleAuth.php(67): CodeIgniter\Debug\Exceptions->errorHandler(2, 'Undefined array key "id"', '/Applications/MAMP/htdocs/tienda_manualidades/app/Controllers/GoogleAuth.php', 67)
 2 SYSTEMPATH/CodeIgniter.php(933): App\Controllers\GoogleAuth->callback()
 3 SYSTEMPATH/CodeIgniter.php(507): CodeIgniter\CodeIgniter->runController(Object(App\Controllers\GoogleAuth))
 4 SYSTEMPATH/CodeIgniter.php(354): CodeIgniter\CodeIgniter->handleRequest(null, Object(Config\Cache), false)
 5 SYSTEMPATH/Boot.php(334): CodeIgniter\CodeIgniter->run()
 6 SYSTEMPATH/Boot.php(67): CodeIgniter\Boot::runCodeIgniter(Object(CodeIgniter\CodeIgniter))
 7 FCPATH/index.php(56): CodeIgniter\Boot::bootWeb(Object(Config\Paths))
ERROR - 2025-03-03 18:22:57 --> mysqli_sql_exception: Unknown column 'google_id' in 'field list' in /Applications/MAMP/htdocs/tienda_manualidades/system/Database/MySQLi/Connection.php:327
Stack trace:
#0 /Applications/MAMP/htdocs/tienda_manualidades/system/Database/MySQLi/Connection.php(327): mysqli->query('INSERT INTO `CL...', 0)
#1 /Applications/MAMP/htdocs/tienda_manualidades/system/Database/BaseConnection.php(738): CodeIgniter\Database\MySQLi\Connection->execute('INSERT INTO `CL...')
#2 /Applications/MAMP/htdocs/tienda_manualidades/system/Database/BaseConnection.php(652): CodeIgniter\Database\BaseConnection->simpleQuery('INSERT INTO `CL...')
#3 /Applications/MAMP/htdocs/tienda_manualidades/system/Database/BaseBuilder.php(2345): CodeIgniter\Database\BaseConnection->query('INSERT INTO `CL...', Array, false)
#4 /Applications/MAMP/htdocs/tienda_manualidades/system/Model.php(394): CodeIgniter\Database\BaseBuilder->insert()
#5 /Applications/MAMP/htdocs/tienda_manualidades/system/BaseModel.php(839): CodeIgniter\Model->doInsert(Array)
#6 /Applications/MAMP/htdocs/tienda_manualidades/system/Model.php(800): CodeIgniter\BaseModel->insert(Array, true)
#7 /Applications/MAMP/htdocs/tienda_manualidades/app/Controllers/GoogleAuth.php(57): CodeIgniter\Model->insert(Array)
#8 /Applications/MAMP/htdocs/tienda_manualidades/system/CodeIgniter.php(933): App\Controllers\GoogleAuth->callback()
#9 /Applications/MAMP/htdocs/tienda_manualidades/system/CodeIgniter.php(507): CodeIgniter\CodeIgniter->runController(Object(App\Controllers\GoogleAuth))
#10 /Applications/MAMP/htdocs/tienda_manualidades/system/CodeIgniter.php(354): CodeIgniter\CodeIgniter->handleRequest(NULL, Object(Config\Cache), false)
#11 /Applications/MAMP/htdocs/tienda_manualidades/system/Boot.php(334): CodeIgniter\CodeIgniter->run()
#12 /Applications/MAMP/htdocs/tienda_manualidades/system/Boot.php(67): CodeIgniter\Boot::runCodeIgniter(Object(CodeIgniter\CodeIgniter))
#13 /Applications/MAMP/htdocs/tienda_manualidades/public/index.php(56): CodeIgniter\Boot::bootWeb(Object(Config\Paths))
#14 {main}
CRITICAL - 2025-03-03 18:22:57 --> CodeIgniter\Database\Exceptions\DatabaseException: Unknown column 'google_id' in 'field list'
[Method: GET, Route: google-callback]
in SYSTEMPATH/Database/BaseConnection.php on line 692.
 1 SYSTEMPATH/Database/BaseBuilder.php(2345): CodeIgniter\Database\BaseConnection->query('INSERT INTO `CLIENTE` (`NOMBRE`, `EMAIL`, `CONTRASENA`, `google_id`) VALUES (:NOMBRE:, :EMAIL:, :CONTRASENA:, :google_id:)', [...], false)
 2 SYSTEMPATH/Model.php(394): CodeIgniter\Database\BaseBuilder->insert()
 3 SYSTEMPATH/BaseModel.php(839): CodeIgniter\Model->doInsert([...])
 4 SYSTEMPATH/Model.php(800): CodeIgniter\BaseModel->insert([...], true)
 5 APPPATH/Controllers/GoogleAuth.php(57): CodeIgniter\Model->insert([...])
 6 SYSTEMPATH/CodeIgniter.php(933): App\Controllers\GoogleAuth->callback()
 7 SYSTEMPATH/CodeIgniter.php(507): CodeIgniter\CodeIgniter->runController(Object(App\Controllers\GoogleAuth))
 8 SYSTEMPATH/CodeIgniter.php(354): CodeIgniter\CodeIgniter->handleRequest(null, Object(Config\Cache), false)
 9 SYSTEMPATH/Boot.php(334): CodeIgniter\CodeIgniter->run()
10 SYSTEMPATH/Boot.php(67): CodeIgniter\Boot::runCodeIgniter(Object(CodeIgniter\CodeIgniter))
11 FCPATH/index.php(56): CodeIgniter\Boot::bootWeb(Object(Config\Paths))
CRITICAL - 2025-03-03 18:22:57 --> [Caused by] CodeIgniter\Database\Exceptions\DatabaseException: Unknown column 'google_id' in 'field list'
in SYSTEMPATH/Database/MySQLi/Connection.php on line 332.
 1 SYSTEMPATH/Database/BaseConnection.php(738): CodeIgniter\Database\MySQLi\Connection->execute('INSERT INTO `CLIENTE` (`NOMBRE`, `EMAIL`, `CONTRASENA`, `google_id`) VALUES (\'curra de la hera\', \'curravbspotify@gmail.com\', \'\', \'110399025913316401757\')')
 2 SYSTEMPATH/Database/BaseConnection.php(652): CodeIgniter\Database\BaseConnection->simpleQuery('INSERT INTO `CLIENTE` (`NOMBRE`, `EMAIL`, `CONTRASENA`, `google_id`) VALUES (\'curra de la hera\', \'curravbspotify@gmail.com\', \'\', \'110399025913316401757\')')
 3 SYSTEMPATH/Database/BaseBuilder.php(2345): CodeIgniter\Database\BaseConnection->query('INSERT INTO `CLIENTE` (`NOMBRE`, `EMAIL`, `CONTRASENA`, `google_id`) VALUES (:NOMBRE:, :EMAIL:, :CONTRASENA:, :google_id:)', [...], false)
 4 SYSTEMPATH/Model.php(394): CodeIgniter\Database\BaseBuilder->insert()
 5 SYSTEMPATH/BaseModel.php(839): CodeIgniter\Model->doInsert([...])
 6 SYSTEMPATH/Model.php(800): CodeIgniter\BaseModel->insert([...], true)
 7 APPPATH/Controllers/GoogleAuth.php(57): CodeIgniter\Model->insert([...])
 8 SYSTEMPATH/CodeIgniter.php(933): App\Controllers\GoogleAuth->callback()
 9 SYSTEMPATH/CodeIgniter.php(507): CodeIgniter\CodeIgniter->runController(Object(App\Controllers\GoogleAuth))
10 SYSTEMPATH/CodeIgniter.php(354): CodeIgniter\CodeIgniter->handleRequest(null, Object(Config\Cache), false)
11 SYSTEMPATH/Boot.php(334): CodeIgniter\CodeIgniter->run()
12 SYSTEMPATH/Boot.php(67): CodeIgniter\Boot::runCodeIgniter(Object(CodeIgniter\CodeIgniter))
13 FCPATH/index.php(56): CodeIgniter\Boot::bootWeb(Object(Config\Paths))
CRITICAL - 2025-03-03 18:22:57 --> [Caused by] mysqli_sql_exception: Unknown column 'google_id' in 'field list'
in SYSTEMPATH/Database/MySQLi/Connection.php on line 327.
 1 SYSTEMPATH/Database/MySQLi/Connection.php(327): mysqli->query('INSERT INTO `CLIENTE` (`NOMBRE`, `EMAIL`, `CONTRASENA`, `google_id`) VALUES (\'curra de la hera\', \'curravbspotify@gmail.com\', \'\', \'110399025913316401757\')', 0)
 2 SYSTEMPATH/Database/BaseConnection.php(738): CodeIgniter\Database\MySQLi\Connection->execute('INSERT INTO `CLIENTE` (`NOMBRE`, `EMAIL`, `CONTRASENA`, `google_id`) VALUES (\'curra de la hera\', \'curravbspotify@gmail.com\', \'\', \'110399025913316401757\')')
 3 SYSTEMPATH/Database/BaseConnection.php(652): CodeIgniter\Database\BaseConnection->simpleQuery('INSERT INTO `CLIENTE` (`NOMBRE`, `EMAIL`, `CONTRASENA`, `google_id`) VALUES (\'curra de la hera\', \'curravbspotify@gmail.com\', \'\', \'110399025913316401757\')')
 4 SYSTEMPATH/Database/BaseBuilder.php(2345): CodeIgniter\Database\BaseConnection->query('INSERT INTO `CLIENTE` (`NOMBRE`, `EMAIL`, `CONTRASENA`, `google_id`) VALUES (:NOMBRE:, :EMAIL:, :CONTRASENA:, :google_id:)', [...], false)
 5 SYSTEMPATH/Model.php(394): CodeIgniter\Database\BaseBuilder->insert()
 6 SYSTEMPATH/BaseModel.php(839): CodeIgniter\Model->doInsert([...])
 7 SYSTEMPATH/Model.php(800): CodeIgniter\BaseModel->insert([...], true)
 8 APPPATH/Controllers/GoogleAuth.php(57): CodeIgniter\Model->insert([...])
 9 SYSTEMPATH/CodeIgniter.php(933): App\Controllers\GoogleAuth->callback()
10 SYSTEMPATH/CodeIgniter.php(507): CodeIgniter\CodeIgniter->runController(Object(App\Controllers\GoogleAuth))
11 SYSTEMPATH/CodeIgniter.php(354): CodeIgniter\CodeIgniter->handleRequest(null, Object(Config\Cache), false)
12 SYSTEMPATH/Boot.php(334): CodeIgniter\CodeIgniter->run()
13 SYSTEMPATH/Boot.php(67): CodeIgniter\Boot::runCodeIgniter(Object(CodeIgniter\CodeIgniter))
14 FCPATH/index.php(56): CodeIgniter\Boot::bootWeb(Object(Config\Paths))
CRITICAL - 2025-03-03 18:27:59 --> GuzzleHttp\Exception\ConnectException: cURL error 52: Empty reply from server (see https://curl.haxx.se/libcurl/c/libcurl-errors.html) for https://oauth2.googleapis.com/token
[Method: GET, Route: google-callback]
in VENDORPATH/guzzlehttp/guzzle/src/Handler/CurlFactory.php on line 275.
 1 VENDORPATH/guzzlehttp/guzzle/src/Handler/CurlFactory.php(205): GuzzleHttp\Handler\CurlFactory::createRejection(Object(GuzzleHttp\Handler\EasyHandle), [...])
 2 VENDORPATH/guzzlehttp/guzzle/src/Handler/CurlFactory.php(157): GuzzleHttp\Handler\CurlFactory::finishError(Object(GuzzleHttp\Handler\CurlHandler), Object(GuzzleHttp\Handler\EasyHandle), Object(GuzzleHttp\Handler\CurlFactory))
 3 VENDORPATH/guzzlehttp/guzzle/src/Handler/CurlHandler.php(47): GuzzleHttp\Handler\CurlFactory::finish(Object(GuzzleHttp\Handler\CurlHandler), Object(GuzzleHttp\Handler\EasyHandle), Object(GuzzleHttp\Handler\CurlFactory))
 4 VENDORPATH/guzzlehttp/guzzle/src/Handler/Proxy.php(28): GuzzleHttp\Handler\CurlHandler->__invoke(Object(GuzzleHttp\Psr7\Request), [...])
 5 VENDORPATH/guzzlehttp/guzzle/src/Handler/Proxy.php(48): GuzzleHttp\Handler\Proxy::GuzzleHttp\Handler\{closure}(Object(GuzzleHttp\Psr7\Request), [...])
 6 VENDORPATH/guzzlehttp/guzzle/src/PrepareBodyMiddleware.php(64): GuzzleHttp\Handler\Proxy::GuzzleHttp\Handler\{closure}(Object(GuzzleHttp\Psr7\Request), [...])
 7 VENDORPATH/guzzlehttp/guzzle/src/Middleware.php(31): GuzzleHttp\PrepareBodyMiddleware->__invoke(Object(GuzzleHttp\Psr7\Request), [...])
 8 VENDORPATH/guzzlehttp/guzzle/src/RedirectMiddleware.php(71): GuzzleHttp\Middleware::GuzzleHttp\{closure}(Object(GuzzleHttp\Psr7\Request), [...])
 9 VENDORPATH/guzzlehttp/guzzle/src/Middleware.php(63): GuzzleHttp\RedirectMiddleware->__invoke(Object(GuzzleHttp\Psr7\Request), [...])
10 VENDORPATH/guzzlehttp/guzzle/src/HandlerStack.php(75): GuzzleHttp\Middleware::GuzzleHttp\{closure}(Object(GuzzleHttp\Psr7\Request), [...])
11 VENDORPATH/guzzlehttp/guzzle/src/Client.php(333): GuzzleHttp\HandlerStack->__invoke(Object(GuzzleHttp\Psr7\Request), [...])
12 VENDORPATH/guzzlehttp/guzzle/src/Client.php(106): GuzzleHttp\Client->transfer(Object(GuzzleHttp\Psr7\Request), [...])
13 VENDORPATH/guzzlehttp/guzzle/src/Client.php(124): GuzzleHttp\Client->sendAsync(Object(GuzzleHttp\Psr7\Request), [...])
14 VENDORPATH/google/auth/src/HttpHandler/Guzzle6HttpHandler.php(65): GuzzleHttp\Client->send(Object(GuzzleHttp\Psr7\Request), [...])
15 VENDORPATH/google/auth/src/OAuth2.php(678): Google\Auth\HttpHandler\Guzzle6HttpHandler->__invoke(Object(GuzzleHttp\Psr7\Request))
16 VENDORPATH/google/apiclient/src/Client.php(298): Google\Auth\OAuth2->fetchAuthToken(Object(Google\Auth\HttpHandler\Guzzle7HttpHandler))
17 APPPATH/Controllers/GoogleAuth.php(38): Google\Client->fetchAccessTokenWithAuthCode('4/0AQSTgQGXw4jy_13JYsTTdK8sG2FYNdumH93Oq8n8Xplup5PbMDCRzE6QAe06OFDAovxWRw')
18 SYSTEMPATH/CodeIgniter.php(933): App\Controllers\GoogleAuth->callback()
19 SYSTEMPATH/CodeIgniter.php(507): CodeIgniter\CodeIgniter->runController(Object(App\Controllers\GoogleAuth))
20 SYSTEMPATH/CodeIgniter.php(354): CodeIgniter\CodeIgniter->handleRequest(null, Object(Config\Cache), false)
21 SYSTEMPATH/Boot.php(334): CodeIgniter\CodeIgniter->run()
22 SYSTEMPATH/Boot.php(67): CodeIgniter\Boot::runCodeIgniter(Object(CodeIgniter\CodeIgniter))
23 FCPATH/index.php(56): CodeIgniter\Boot::bootWeb(Object(Config\Paths))
CRITICAL - 2025-03-03 18:29:05 --> GuzzleHttp\Exception\ConnectException: cURL error 35: OpenSSL SSL_connect: Broken pipe in connection to oauth2.googleapis.com:443  (see https://curl.haxx.se/libcurl/c/libcurl-errors.html) for https://oauth2.googleapis.com/token
[Method: GET, Route: google-callback]
in VENDORPATH/guzzlehttp/guzzle/src/Handler/CurlFactory.php on line 275.
 1 VENDORPATH/guzzlehttp/guzzle/src/Handler/CurlFactory.php(205): GuzzleHttp\Handler\CurlFactory::createRejection(Object(GuzzleHttp\Handler\EasyHandle), [...])
 2 VENDORPATH/guzzlehttp/guzzle/src/Handler/CurlFactory.php(157): GuzzleHttp\Handler\CurlFactory::finishError(Object(GuzzleHttp\Handler\CurlHandler), Object(GuzzleHttp\Handler\EasyHandle), Object(GuzzleHttp\Handler\CurlFactory))
 3 VENDORPATH/guzzlehttp/guzzle/src/Handler/CurlHandler.php(47): GuzzleHttp\Handler\CurlFactory::finish(Object(GuzzleHttp\Handler\CurlHandler), Object(GuzzleHttp\Handler\EasyHandle), Object(GuzzleHttp\Handler\CurlFactory))
 4 VENDORPATH/guzzlehttp/guzzle/src/Handler/Proxy.php(28): GuzzleHttp\Handler\CurlHandler->__invoke(Object(GuzzleHttp\Psr7\Request), [...])
 5 VENDORPATH/guzzlehttp/guzzle/src/Handler/Proxy.php(48): GuzzleHttp\Handler\Proxy::GuzzleHttp\Handler\{closure}(Object(GuzzleHttp\Psr7\Request), [...])
 6 VENDORPATH/guzzlehttp/guzzle/src/PrepareBodyMiddleware.php(64): GuzzleHttp\Handler\Proxy::GuzzleHttp\Handler\{closure}(Object(GuzzleHttp\Psr7\Request), [...])
 7 VENDORPATH/guzzlehttp/guzzle/src/Middleware.php(31): GuzzleHttp\PrepareBodyMiddleware->__invoke(Object(GuzzleHttp\Psr7\Request), [...])
 8 VENDORPATH/guzzlehttp/guzzle/src/RedirectMiddleware.php(71): GuzzleHttp\Middleware::GuzzleHttp\{closure}(Object(GuzzleHttp\Psr7\Request), [...])
 9 VENDORPATH/guzzlehttp/guzzle/src/Middleware.php(63): GuzzleHttp\RedirectMiddleware->__invoke(Object(GuzzleHttp\Psr7\Request), [...])
10 VENDORPATH/guzzlehttp/guzzle/src/HandlerStack.php(75): GuzzleHttp\Middleware::GuzzleHttp\{closure}(Object(GuzzleHttp\Psr7\Request), [...])
11 VENDORPATH/guzzlehttp/guzzle/src/Client.php(333): GuzzleHttp\HandlerStack->__invoke(Object(GuzzleHttp\Psr7\Request), [...])
12 VENDORPATH/guzzlehttp/guzzle/src/Client.php(106): GuzzleHttp\Client->transfer(Object(GuzzleHttp\Psr7\Request), [...])
13 VENDORPATH/guzzlehttp/guzzle/src/Client.php(124): GuzzleHttp\Client->sendAsync(Object(GuzzleHttp\Psr7\Request), [...])
14 VENDORPATH/google/auth/src/HttpHandler/Guzzle6HttpHandler.php(65): GuzzleHttp\Client->send(Object(GuzzleHttp\Psr7\Request), [...])
15 VENDORPATH/google/auth/src/OAuth2.php(678): Google\Auth\HttpHandler\Guzzle6HttpHandler->__invoke(Object(GuzzleHttp\Psr7\Request))
16 VENDORPATH/google/apiclient/src/Client.php(298): Google\Auth\OAuth2->fetchAuthToken(Object(Google\Auth\HttpHandler\Guzzle7HttpHandler))
17 APPPATH/Controllers/GoogleAuth.php(38): Google\Client->fetchAccessTokenWithAuthCode('4/0AQSTgQFSFJEP8_FLV2CsA3G5AvNWyHURHmIU-zSAsOybUjFqchkfVHsIcFeMu7K9AC_DEg')
18 SYSTEMPATH/CodeIgniter.php(933): App\Controllers\GoogleAuth->callback()
19 SYSTEMPATH/CodeIgniter.php(507): CodeIgniter\CodeIgniter->runController(Object(App\Controllers\GoogleAuth))
20 SYSTEMPATH/CodeIgniter.php(354): CodeIgniter\CodeIgniter->handleRequest(null, Object(Config\Cache), false)
21 SYSTEMPATH/Boot.php(334): CodeIgniter\CodeIgniter->run()
22 SYSTEMPATH/Boot.php(67): CodeIgniter\Boot::runCodeIgniter(Object(CodeIgniter\CodeIgniter))
23 FCPATH/index.php(56): CodeIgniter\Boot::bootWeb(Object(Config\Paths))
ERROR - 2025-03-03 18:29:31 --> mysqli_sql_exception: Unknown column 'google_id' in 'field list' in /Applications/MAMP/htdocs/tienda_manualidades/system/Database/MySQLi/Connection.php:327
Stack trace:
#0 /Applications/MAMP/htdocs/tienda_manualidades/system/Database/MySQLi/Connection.php(327): mysqli->query('INSERT INTO `CL...', 0)
#1 /Applications/MAMP/htdocs/tienda_manualidades/system/Database/BaseConnection.php(738): CodeIgniter\Database\MySQLi\Connection->execute('INSERT INTO `CL...')
#2 /Applications/MAMP/htdocs/tienda_manualidades/system/Database/BaseConnection.php(652): CodeIgniter\Database\BaseConnection->simpleQuery('INSERT INTO `CL...')
#3 /Applications/MAMP/htdocs/tienda_manualidades/system/Database/BaseBuilder.php(2345): CodeIgniter\Database\BaseConnection->query('INSERT INTO `CL...', Array, false)
#4 /Applications/MAMP/htdocs/tienda_manualidades/system/Model.php(394): CodeIgniter\Database\BaseBuilder->insert()
#5 /Applications/MAMP/htdocs/tienda_manualidades/system/BaseModel.php(839): CodeIgniter\Model->doInsert(Array)
#6 /Applications/MAMP/htdocs/tienda_manualidades/system/Model.php(800): CodeIgniter\BaseModel->insert(Array, true)
#7 /Applications/MAMP/htdocs/tienda_manualidades/app/Controllers/GoogleAuth.php(57): CodeIgniter\Model->insert(Array)
#8 /Applications/MAMP/htdocs/tienda_manualidades/system/CodeIgniter.php(933): App\Controllers\GoogleAuth->callback()
#9 /Applications/MAMP/htdocs/tienda_manualidades/system/CodeIgniter.php(507): CodeIgniter\CodeIgniter->runController(Object(App\Controllers\GoogleAuth))
#10 /Applications/MAMP/htdocs/tienda_manualidades/system/CodeIgniter.php(354): CodeIgniter\CodeIgniter->handleRequest(NULL, Object(Config\Cache), false)
#11 /Applications/MAMP/htdocs/tienda_manualidades/system/Boot.php(334): CodeIgniter\CodeIgniter->run()
#12 /Applications/MAMP/htdocs/tienda_manualidades/system/Boot.php(67): CodeIgniter\Boot::runCodeIgniter(Object(CodeIgniter\CodeIgniter))
#13 /Applications/MAMP/htdocs/tienda_manualidades/public/index.php(56): CodeIgniter\Boot::bootWeb(Object(Config\Paths))
#14 {main}
CRITICAL - 2025-03-03 18:29:31 --> CodeIgniter\Database\Exceptions\DatabaseException: Unknown column 'google_id' in 'field list'
[Method: GET, Route: google-callback]
in SYSTEMPATH/Database/BaseConnection.php on line 692.
 1 SYSTEMPATH/Database/BaseBuilder.php(2345): CodeIgniter\Database\BaseConnection->query('INSERT INTO `CLIENTE` (`NOMBRE`, `EMAIL`, `CONTRASENA`, `google_id`) VALUES (:NOMBRE:, :EMAIL:, :CONTRASENA:, :google_id:)', [...], false)
 2 SYSTEMPATH/Model.php(394): CodeIgniter\Database\BaseBuilder->insert()
 3 SYSTEMPATH/BaseModel.php(839): CodeIgniter\Model->doInsert([...])
 4 SYSTEMPATH/Model.php(800): CodeIgniter\BaseModel->insert([...], true)
 5 APPPATH/Controllers/GoogleAuth.php(57): CodeIgniter\Model->insert([...])
 6 SYSTEMPATH/CodeIgniter.php(933): App\Controllers\GoogleAuth->callback()
 7 SYSTEMPATH/CodeIgniter.php(507): CodeIgniter\CodeIgniter->runController(Object(App\Controllers\GoogleAuth))
 8 SYSTEMPATH/CodeIgniter.php(354): CodeIgniter\CodeIgniter->handleRequest(null, Object(Config\Cache), false)
 9 SYSTEMPATH/Boot.php(334): CodeIgniter\CodeIgniter->run()
10 SYSTEMPATH/Boot.php(67): CodeIgniter\Boot::runCodeIgniter(Object(CodeIgniter\CodeIgniter))
11 FCPATH/index.php(56): CodeIgniter\Boot::bootWeb(Object(Config\Paths))
CRITICAL - 2025-03-03 18:29:31 --> [Caused by] CodeIgniter\Database\Exceptions\DatabaseException: Unknown column 'google_id' in 'field list'
in SYSTEMPATH/Database/MySQLi/Connection.php on line 332.
 1 SYSTEMPATH/Database/BaseConnection.php(738): CodeIgniter\Database\MySQLi\Connection->execute('INSERT INTO `CLIENTE` (`NOMBRE`, `EMAIL`, `CONTRASENA`, `google_id`) VALUES (\'ElTato\', \'tatorguez39@gmail.com\', \'\', \'107348933689371717826\')')
 2 SYSTEMPATH/Database/BaseConnection.php(652): CodeIgniter\Database\BaseConnection->simpleQuery('INSERT INTO `CLIENTE` (`NOMBRE`, `EMAIL`, `CONTRASENA`, `google_id`) VALUES (\'ElTato\', \'tatorguez39@gmail.com\', \'\', \'107348933689371717826\')')
 3 SYSTEMPATH/Database/BaseBuilder.php(2345): CodeIgniter\Database\BaseConnection->query('INSERT INTO `CLIENTE` (`NOMBRE`, `EMAIL`, `CONTRASENA`, `google_id`) VALUES (:NOMBRE:, :EMAIL:, :CONTRASENA:, :google_id:)', [...], false)
 4 SYSTEMPATH/Model.php(394): CodeIgniter\Database\BaseBuilder->insert()
 5 SYSTEMPATH/BaseModel.php(839): CodeIgniter\Model->doInsert([...])
 6 SYSTEMPATH/Model.php(800): CodeIgniter\BaseModel->insert([...], true)
 7 APPPATH/Controllers/GoogleAuth.php(57): CodeIgniter\Model->insert([...])
 8 SYSTEMPATH/CodeIgniter.php(933): App\Controllers\GoogleAuth->callback()
 9 SYSTEMPATH/CodeIgniter.php(507): CodeIgniter\CodeIgniter->runController(Object(App\Controllers\GoogleAuth))
10 SYSTEMPATH/CodeIgniter.php(354): CodeIgniter\CodeIgniter->handleRequest(null, Object(Config\Cache), false)
11 SYSTEMPATH/Boot.php(334): CodeIgniter\CodeIgniter->run()
12 SYSTEMPATH/Boot.php(67): CodeIgniter\Boot::runCodeIgniter(Object(CodeIgniter\CodeIgniter))
13 FCPATH/index.php(56): CodeIgniter\Boot::bootWeb(Object(Config\Paths))
CRITICAL - 2025-03-03 18:29:31 --> [Caused by] mysqli_sql_exception: Unknown column 'google_id' in 'field list'
in SYSTEMPATH/Database/MySQLi/Connection.php on line 327.
 1 SYSTEMPATH/Database/MySQLi/Connection.php(327): mysqli->query('INSERT INTO `CLIENTE` (`NOMBRE`, `EMAIL`, `CONTRASENA`, `google_id`) VALUES (\'ElTato\', \'tatorguez39@gmail.com\', \'\', \'107348933689371717826\')', 0)
 2 SYSTEMPATH/Database/BaseConnection.php(738): CodeIgniter\Database\MySQLi\Connection->execute('INSERT INTO `CLIENTE` (`NOMBRE`, `EMAIL`, `CONTRASENA`, `google_id`) VALUES (\'ElTato\', \'tatorguez39@gmail.com\', \'\', \'107348933689371717826\')')
 3 SYSTEMPATH/Database/BaseConnection.php(652): CodeIgniter\Database\BaseConnection->simpleQuery('INSERT INTO `CLIENTE` (`NOMBRE`, `EMAIL`, `CONTRASENA`, `google_id`) VALUES (\'ElTato\', \'tatorguez39@gmail.com\', \'\', \'107348933689371717826\')')
 4 SYSTEMPATH/Database/BaseBuilder.php(2345): CodeIgniter\Database\BaseConnection->query('INSERT INTO `CLIENTE` (`NOMBRE`, `EMAIL`, `CONTRASENA`, `google_id`) VALUES (:NOMBRE:, :EMAIL:, :CONTRASENA:, :google_id:)', [...], false)
 5 SYSTEMPATH/Model.php(394): CodeIgniter\Database\BaseBuilder->insert()
 6 SYSTEMPATH/BaseModel.php(839): CodeIgniter\Model->doInsert([...])
 7 SYSTEMPATH/Model.php(800): CodeIgniter\BaseModel->insert([...], true)
 8 APPPATH/Controllers/GoogleAuth.php(57): CodeIgniter\Model->insert([...])
 9 SYSTEMPATH/CodeIgniter.php(933): App\Controllers\GoogleAuth->callback()
10 SYSTEMPATH/CodeIgniter.php(507): CodeIgniter\CodeIgniter->runController(Object(App\Controllers\GoogleAuth))
11 SYSTEMPATH/CodeIgniter.php(354): CodeIgniter\CodeIgniter->handleRequest(null, Object(Config\Cache), false)
12 SYSTEMPATH/Boot.php(334): CodeIgniter\CodeIgniter->run()
13 SYSTEMPATH/Boot.php(67): CodeIgniter\Boot::runCodeIgniter(Object(CodeIgniter\CodeIgniter))
14 FCPATH/index.php(56): CodeIgniter\Boot::bootWeb(Object(Config\Paths))
